too many redirect - запустить auth-service